// Jest Snapshot v1, https://goo.gl/fbAQLP

exports[`Pruebas en el componeten <AddCategory /> Verificar el componente se renderice 1`] = `
<form
  onSubmit={[Function]}
>
  <input
    onChange={[Function]}
    type="text"
    value=""
  />
</form>
`;
