// Jest Snapshot v1, https://goo.gl/fbAQLP

exports[`Pruebas en el componente <GifGrid /> Debe de mostrar items cuando se cargan imag√©nes useFetchGifs 1`] = `
<Fragment>
  <h3
    className="animate__animated animate__zoomIn"
  >
     
    one Punch
     
  </h3>
  <div
    className="card-grid"
  >
    <GifGridItem
      id="abc"
      key="abc"
      title="test"
      url="https:/google.com"
    />
  </div>
</Fragment>
`;

exports[`Pruebas en el componente <GifGrid /> Probar que renderice el componente correctamente 1`] = `
<Fragment>
  <h3
    className="animate__animated animate__zoomIn"
  >
     
    one Punch
     
  </h3>
  <p
    className="animate__animated animate__flash"
  >
    Loading
  </p>
  <div
    className="card-grid"
  />
</Fragment>
`;
