// Jest Snapshot v1, https://goo.gl/fbAQLP

exports[`Pruebas en el componente <GifGridItem /> debe hacer match con el snapshot 1`] = `
<div>
  <div
    class="card"
  >
    <img
      alt="Google"
      src="http://localhost/www.google.com"
    />
    <p>
      Google
    </p>
  </div>
</div>
`;
