// Jest Snapshot v1, https://goo.gl/fbAQLP

exports[`Pruebas en el archivo <FirstApp /> debe hacer match con el snapshot 1`] = `
<div>
  <h1>
    Hola, soy Goku
  </h1>
  <p>
     
    123
  </p>
  <code>
    Josue Flores
  </code>
</div>
`;
