// Jest Snapshot v1, https://goo.gl/fbAQLP

exports[`Pruebas en el archivo <FirstApp /> debe de hacer mach con el snapshot 1`] = `
<div>
  <h1
    data-testid="test-title"
  >
    Hola, Soy Goku
  </h1>
  <p>
     
    Hola soy un subtitulo
  </p>
  <code>
    Josue Flores
  </code>
</div>
`;
