// Jest Snapshot v1, https://goo.gl/fbAQLP

exports[`Pruebas en el componente <GifExpertApp /> Probar que el componente se renderice correctamente 1`] = `
<Fragment>
  <h2>
    GifExpertApp
  </h2>
  <AddCategory
    setCategorias={[Function]}
  />
  <hr />
  <ol />
</Fragment>
`;

exports[`Pruebas en el componente <GifExpertApp /> debe de mostrar una lista de categor√≠as 1`] = `
<Fragment>
  <h2>
    GifExpertApp
  </h2>
  <AddCategory
    setCategorias={[Function]}
  />
  <hr />
  <ol>
    <GifGrid
      categoria="one punch"
      key="one punch"
    />
    <GifGrid
      categoria="Dragon ball"
      key="Dragon ball"
    />
  </ol>
</Fragment>
`;
